---
source: src/ui.rs
expression: "render_engine_at(100, 28, &engine)"
---




     wpm ao longo do tempo   × erros
      120│⠉⠉⠉⠒⠒⠒⠒⠒⠢⠤⠤⠤⠤⢄⣀⣀⣀⣀⣀
         │                   ⠉⠉⠉⠉⠉⠒⠒⠒⠒⠒⠒⠒⠒⠒⠒⠢⠤⠤⠤⠤⠤⣀⣀⣀⣀⣀⡀
         │                                             ⠈⠉⠉⠉⠉⠑⠒⠒⠒⠒⠒⠤⠤⠤⠤⠤⣀⣀⣀⣀⣀⡀
         │                                                                  ⠈⠉⠉⠉⠉⠑⠒⠒⠒⠒⠒⠤⠤⠤⠤⠤⠤⠤×
       60│
         │
         │
         │
         │
        0└─────────────────────────────────────────────────────────────────────────────────────
         1                                                                                  1.7

     tipo de teste         wpm                   bruto     caracteres   consistência  tempo
     palavras 4            71                    92        10/1/0/1     46%           1.7s
     ◎ português           precisão
     ★ especialista        92%





                enter próximo    r repetir    h palavras    s estatísticas    q sair
