---
source: src/ui.rs
expression: "render_engine_at(180, 40, &engine)"
---










         wpm       wpm ao longo do tempo   × erros
         71         120│⠉⠉⠉⠉⠉⠒⠒⠒⠒⠒⠒⠒⠒⠒⠤⠤⠤⠤⠤⠤⠤⠤⠤⢄⣀⣀⣀⣀⣀⣀⣀⣀⡀
                       │                                ⠈⠉⠉⠉⠉⠉⠉⠉⠉⠑⠒⠒⠒⠒⠒⠒⠒⠒⠒⠒⠒⠒⠒⠒⠒⠒⠒⠒⠤⠤⠤⠤⠤⠤⠤⠤⠤⣀⣀⣀⣀⣀⣀⣀⣀⣀⡀
         precisão      │                                                                              ⠈⠉⠉⠉⠉⠉⠉⠉⠉⠑⠒⠒⠒⠒⠒⠒⠒⠒⠢⠤⠤⠤⠤⠤⠤⠤⠤⢄⣀⣀⣀⣀⣀⣀⣀⣀⣀
         92%           │                                                                                                                   ⠉⠉⠉⠉⠉⠉⠉⠉⠉⠒⠒⠒⠒⠒⠒⠒⠒⠒⠤⠤⠤⠤⠤⠤⠤⠤⠤⠤⠤⠤⠤×
                     60│
                       │
                       │
                       │
                       │
                      0└───────────────────────────────────────────────────────────────────────────────────────────────────────────────────────────────────────────────────
                       1                                                                                                                                                1.7

         tipo de teste                         outro                                bruto            caracteres                 consistência               tempo
         palavras 4                            falhou (dificuldade)                 92               10/1/0/1                   46%                        1.7s
         ◎ português comum
         ★ especialista











                                                        enter próximo    r repetir    h palavras    s estatísticas    q sair
