---
source: src/ui.rs
expression: rendered
---
     detalhes da palavra  ·  através  ·  português
     chance de aparecer numa posição que você alcança: 7% → 25%
     falhou ao confirmar    precisou corrigir      caracteres apagados    tempo em correções
     3/10                   2/10                   5                      900 ms


     diagnóstico                                  tentativas recentes
     ritmo 120 ms/caractere  ·  +33% vs base      #42    falhou · 140 ms/caractere
     tendência ainda incerta                      #41    corrigiu 2 · 240 ms
     última prática há 2 h

     sequências relacionadas
     av  ·  tra













     ──────────────────────────────────────────────────────────────────────────────────────────
     r zerar palavra   enter ou esc voltar
