---
source: src/ui.rs
expression: "render_engine_with_settings(100, 28, &engine, true)"
---


     ⌨ tuipe
                     ╭────────────────────────────────────────────────────────╮
                     │                                                        │
        ╭────────────│ test settings                                          │────────────╮
        │ @ punctuati│                                                        │  60   120  │
        ╰────────────│  p punctuation    n numbers                            │────────────╯
                     │                                                        │
                     │  m time    m words    m quote                          │
                     │  v 15    v 30    v 60    v 120                         │
                     │                                                        │
     olá  mundo  prát│  d normal    d expert    d master                      │
                     │  a adaptive                                            │
                     │                                                        │
                     │  l portuguese    l english                             │
                     │  k common    k 1k    k 5k                              │
                     │ t theme   arch                                         │
                     │                                                        │
                     │ esc close                                              │
                     │                                                        │
                     │                                                        │
                     │                                                        │
                     ╰────────────────────────────────────────────────────────╯


                               enter restart    esc settings    q quit
