---
source: src/ui.rs
expression: "render_engine_at(100, 28, &engine)"
---


     ⌨ tuipe

     wpm ao longo do tempo   bruto   × erros
      120│⠉⠉⠉⠒⠒⠒⠒⠒⠶⠶⠦⠤⠤⣀⣀⣀⣀⣀⡀ ⠠⠤⠤⢄⣀⣀⣀⣀⣀⣀⣀                                                  ×  1
         │                  ⠈⠉⠉⠉⠉⠑⠒⠒⠒⠒⠒⠒⠒⠒⠒⠢⠤⠤⠤⠤⢄⣀⣀⣉⣉⣉⠒⠒⠂         ⠤⠤⠤⠤⠤⠤⠤⠤⣀⣀⡀
         │                                            ⠉⠉⠉⠉⠉⠒⠒⠒⠒⠒⠤⠤⠤⠤⠤⣀⣀⣀⣀⣀            ⠈⠉⠉⠉⠉⠉
         │                                                                ⠉⠉⠉⠉⠉⠒⠒⠒⠒⠒⠢⠤⠤⠤⠤⠤⠤⠤
       60│
         │
         │
         │
         │
        0└──────────────────────────────────────────────────────────────────────────────────  0
         1                                                                               1.7

     tipo de teste     wpm       precisão     bruto     caracteres     consistência    tempo
     Aa 4 palavras     71        92%          92        10/1/0/1       46%             1.7s
     🌐  português
     ★ especialista






                   › enter próximo    ↻ r repetir    ⌁ s estatísticas    × q sair
