---
source: src/ui.rs
expression: "render_engine_at(180, 40, &engine)"
---


         ⌨ tuipe







         wpm ao longo do tempo   × erros
          120│⠉⠉⠉⠉⠉⠒⠒⠒⠒⠒⠒⠒⠒⠒⠢⠤⠤⠤⠤⠤⠤⠤⠤⠤⢄⣀⣀⣀⣀⣀⣀⣀⣀⣀                                                                                                                       ×  1
             │                                  ⠉⠉⠉⠉⠉⠉⠉⠉⠉⠑⠒⠒⠒⠒⠒⠒⠒⠒⠒⠒⠒⠒⠒⠒⠒⠒⠒⠒⠢⠤⠤⠤⠤⠤⠤⠤⠤⠤⢄⣀⣀⣀⣀⣀⣀⣀⣀⣀
             │                                                                                  ⠉⠉⠉⠉⠉⠉⠉⠉⠉⠑⠒⠒⠒⠒⠒⠒⠒⠒⠒⠤⠤⠤⠤⠤⠤⠤⠤⠤⢄⣀⣀⣀⣀⣀⣀⣀⣀⣀
             │                                                                                                                        ⠉⠉⠉⠉⠉⠉⠉⠉⠉⠉⠒⠒⠒⠒⠒⠒⠒⠒⠒⠢⠤⠤⠤⠤⠤⠤⠤⠤⠤⠤⠤⠤⠤⠤
           60│
             │
             │
             │
             │
            0└──────────────────────────────────────────────────────────────────────────────────────────────────────────────────────────────────────────────────────────  0
             1                                                                                                                                                       1.7
                                                                       teste encerrado pelo modo especialista
         tipo de teste     wpm       precisão     bruto     caracteres     consistência    tempo
         palavras 4        71        92%          92        10/1/0/1       46%             1.7s
         ◎ português
         ★ especialista











                                                                            ›        ↻        ⌁        ×
                                                               enter próximo    r repetir    s estatísticas    q sair
