---
source: src/ui.rs
expression: "render_statistics_at(100, 28)"
---
     estatísticas                                                            nível 0  ·  0 dias
     ╭───────────────────────────╮ ╭────────────────────────────╮ ╭───────────────────────────╮
     │      1  visão geral      │ │        2  progresso       │ │       3  histórico       │
     ╰───────────────────────────╯ ╰────────────────────────────╯ ╰───────────────────────────╯

     tendência de wpm  ·  12 testes válidos
      100│
         │⣀⣀⣀⣀⣀⣀⣀⣠⣀⣀⣀⣀⣀⣀⣀⣠⣀⣀⣀⡠⠤⠤⠤⠤⠤⠤⠤⠤⠤⠤⠤⠤⠤⠤⠤⠤⠤⠤⠤⠤⠤⠤⠤⠤⠤⠤⠦⠤⠤⠤⠤⠤⠤⠤⠦⠤⠤⠤⠤⠤⠤⠴⠤⠤⠤⠔⠒⠒⠒⠒⠒⠒⠒⠒⠒⠒⠒⠓⠒⠒⠒⠒⠒⠒⠚
         │
       50│
         │
         │
        0└─────────────────────────────────────────────────────────────────────────────────────
         #1              #3               #5               #7               #9              #12

     testes totais  testes válidos  wpm médio      precisão       melhor          tempo ativo
     42             12              84             96%            112             1h 01m

     palavras prioritárias
     › através  ·  7% → 25%  ·  falhou 3/12  ·  corrigiu 2/12

     padrões que pedem treino
     acento agudo  ·  reforço +12 pp  ·  falhou 3/14  ·  corrigiu 2/14  ·  5 palavras



     ──────────────────────────────────────────────────────────────────────────────────────────
     ↑↓ selecionar   enter detalhes   R zerar modelo   esc voltar
