---
source: src/ui.rs
expression: "render_engine_at(70, 50, &engine)"
---










   wpm ao longo do tempo   × erros
    120│⠉⠉⠒⠒⠒⠒⠤⠤⠤⢄⣀⣀⣀
       │             ⠉⠉⠉⠉⠒⠒⠒⠒⠒⠒⠒⠤⠤⠤⠤⣀⣀⣀⡀
       │                               ⠈⠉⠉⠉⠒⠒⠒⠢⠤⠤⠤⢄⣀⣀⣀
       │                                              ⠉⠉⠉⠑⠒⠒⠒⠢⠤⠤⠤⠤×
     60│
       │
       │
       │
       │
      0└───────────────────────────────────────────────────────────
       1                                                        1.7

   tipo de teste         wpm                   precisão
   palavras 4            71                    92%
   ◎ português
   ★ especialista

   bruto                 caracteres            consistência
   92                    10/1/0/1              46%



   tempo
   1.7s













        enter próximo    r repetir    s estatísticas    q sair
