---
source: src/ui.rs
expression: "render_engine_with_settings(100, 28, &engine, true)"
---







              ╭──────────────────────────────────────────────────────────────────────╮
              │                                                                      │
              │ ⚙  configurações                                                     │
              │ extras         pontuação    números                                  │
              │ modo           tempo    palavras    citação                          │
              │ duração        15 s    30 s    60 s    120 s                         │
              │ dificuldade    normal    especialista    mestre                      │
              │ treino         adaptativo                                            │
              │ idioma         português    inglês                                   │
              │ vocabulário    comum    1k    5k                                     │
              │ tema           arch                                                  │
              │ esc fechar    q sair                                                 │
              │                                                                      │
              ╰──────────────────────────────────────────────────────────────────────╯
