---
source: src/ui.rs
expression: "render_statistics_at(50, 14)"
---
  estatísticas
  42 testes totais  ·  12 comparáveis
  84 wpm  ·  96% precisão  ·  melhor 112
  12 comparáveis  ·  74 → 80 wpm · medianas

  palavras prioritárias
  › através  chance 18.0%  falha 30%

  padrões que pedem treino
  mec acento agudo  5 palavras  falha 21%



  ↑↓ mover  enter detalhes  R zerar  esc voltar
