---
source: src/ui.rs
expression: compact_progress
---
  ╭─────────────╮ ╭────────────╮ ╭─────────────╮
  │   1 visão  │ │ 2 progress│ │ 3 histórico│
  ╰─────────────╯ ╰────────────╯ ╰─────────────╯
  84 wpm médio  ·  96% precisão
  12 testes iguais  ·  melhor 112  ·  1h 01m

  distribuição de wpm  ·  12 testes
  faixa     testes    %  distribuição
  atividade  ·  últimos 14 dias
  10 dias ativos  ·  21 testes  ·  10m


  ──────────────────────────────────────────────
  tab navegar   esc voltar
