---
source: src/ui.rs
expression: "render_engine_with_state(100, 28, &engine, true, SessionKind::Practice,\nPersistenceUiState::Saved, 4, false,)"
---





       ╭────────────────────────────────────────────────────────────────────────────────────╮
       │ ⚙  configurações  ·  salvo automaticamente                                         │
       │                                                                                    │
       │ ╭ preferências ───────────────╮  ╭ dificuldade ──────────────────────────────────╮ │
       │ │  pontuação        desligada │  │ Escolha o que acontece depois de um erro.     │ │
       │ │  números         desligados │  │                                               │ │
       │ │  modo                 tempo │  │                                               │ │
       │ │  duração               30 s │  │                                               │ │
       │ │› dificuldade   especialista │  │       normal    especialista    mestre        │ │
       │ │  treino          adaptativo │  │ normal       permite corrigir e continuar     │ │
       │ │  idioma           português │  │ especialista palavra errada + espaço encerra  │ │
       │ │  vocabulário          comum │  │ mestre       1º caractere errado encerra      │ │
       │ │  tema                  arch │  │                                               │ │
       │ │                             │  │   ← ou → altera  ·  enter confirma e fecha    │ │
       │ ╰─────────────────────────────╯  ╰───────────────────────────────────────────────╯ │
       │                                                                                    │
       │    ↑↓ navegar    ←→ alterar    enter confirmar e fechar    esc fechar    q sair    │
       ╰────────────────────────────────────────────────────────────────────────────────────╯
