---
source: src/ui.rs
expression: "render_engine_with_settings(50, 14, &engine, true)"
---
╭────────────────────────────────────────────────╮
│ ⚙  configurações                               │
│ › pontuação     ‹ desligada ›                  │
│   números       ‹ desligados ›                 │
│   modo          ‹ tempo ›                      │
│   duração       ‹ 30 s ›                       │
│   dificuldade   ‹ especialista ›               │
│   treino        ‹ adaptativo ›                 │
│   idioma        ‹ português ›                  │
│   vocabulário   ‹ comum ›                      │
│   tema          ‹ arch ›                       │
│ ↑↓ navegar    ←→ alterar                       │
│ enter confirmar    esc fechar    q sair        │
╰────────────────────────────────────────────────╯
