---
source: src/ui.rs
expression: rendered
---


  ⌨ tuipe

              ╭───────────────────╮
              │ ⚙  configurações  │
              ╰───────────────────╯
           ◎ português · ★ especialista

  olá mundo prática


          comece a digitar    esc config
                ctrl+s estatísticas
