---
source: src/ui.rs
expression: "render_statistics_at(88, 28)"
---
    ╭────────────────────────╮ ╭────────────────────────╮ ╭────────────────────────╮
    │         1 visão       │ │       2 progresso     │ │       3 histórico     │
    ╰────────────────────────╯ ╰────────────────────────╯ ╰────────────────────────╯
    estatísticas
    42 testes totais  ·  12 testes iguais
    84 wpm  ·  96% precisão  ·  melhor 112
    12 testes válidos  ·  74 → 80 wpm típico

    palavras prioritárias
    › através  ·  prioridade +18%  ·  falhou 3/12 · corrigiu 2/12
      criança  ·  prioridade +12%  ·  falhou 3/12 · corrigiu 2/12
      importante  ·  prioridade +8%  ·  falhou 3/12 · corrigiu 2/12

    padrões que pedem treino
    técnica acento agudo  ·  prioridade +12%  ·  falhou 3/14  ·  corrigiu 2/14
    nça  ·  prioridade +8%  ·  falhou 3/14  ·  corrigiu 2/14
    ant  ·  prioridade +6%  ·  falhou 3/14  ·  corrigiu 2/14









    ────────────────────────────────────────────────────────────────────────────────
    ↑↓ selecionar   enter detalhes   R zerar modelo   esc voltar
